12:26:47.513 [INFO] [dev.baxlek.zelda_on_epona] found 'Zelda on Epona' v1.2.3 by baxlek (/data/data/dev.twilitrealm.dusk/files/mods/zelda_on_epona.dusk)
12:26:47.927 [INFO] [dev.baxlek.zelda_on_epona] activating mod
12:26:47.927 [TRACE] [dev.baxlek.zelda_on_epona] calling mod_initialize
12:26:47.936 [INFO] [dev.baxlek.zelda_on_epona] zelda_on_epona initialized
12:26:47.936 [TRACE] [dev.baxlek.zelda_on_epona] mod_initialize succeeded
12:26:50.076 [INFO] [dev.baxlek.zelda_on_epona] Pscene181.jpc loaded as particle bank 2, resource heap has 1693328 bytes free
12:26:50.368 [INFO] [dev.baxlek.zelda_on_epona] cutscene diagnostics: event='NO DATA' demoArc='Demo38_01' cutName='' demoStaffId=-1 room=0 layer=10 horseDemoMode=false titleScreen=true storyHoZeldaActive=false inScriptedCutscene=false alwaysHiddenCutscene=false showInCutscenesToggle=true hideSpawnedZelda=false hasSpawnedZelda=true
12:26:51.088 [INFO] [dev.baxlek.zelda_on_epona] cutscene diagnostics: event='demo38_01' demoArc='Demo38_01' cutName='' demoStaffId=-1 room=0 layer=10 horseDemoMode=true titleScreen=true storyHoZeldaActive=false inScriptedCutscene=false alwaysHiddenCutscene=false showInCutscenesToggle=true hideSpawnedZelda=false hasSpawnedZelda=true
12:27:38.457 [INFO] [dev.baxlek.zelda_on_epona] cutscene diagnostics: event='NO DATA' demoArc='Demo36_00' cutName='' demoStaffId=-1 room=0 layer=0 horseDemoMode=false titleScreen=false storyHoZeldaActive=false inScriptedCutscene=false alwaysHiddenCutscene=false showInCutscenesToggle=true hideSpawnedZelda=false hasSpawnedZelda=true
12:27:38.723 [INFO] [dev.baxlek.zelda_on_epona] cutscene diagnostics: event='DEFAULT_START' demoArc='Demo36_00' cutName='' demoStaffId=-1 room=0 layer=0 horseDemoMode=true titleScreen=false storyHoZeldaActive=false inScriptedCutscene=true alwaysHiddenCutscene=false showInCutscenesToggle=true hideSpawnedZelda=false hasSpawnedZelda=true
12:27:39.587 [INFO] [dev.baxlek.zelda_on_epona] cutscene diagnostics: event='NOT RUNNING' demoArc='Demo36_00' cutName='' demoStaffId=-1 room=0 layer=0 horseDemoMode=true titleScreen=false storyHoZeldaActive=false inScriptedCutscene=true alwaysHiddenCutscene=false showInCutscenesToggle=true hideSpawnedZelda=false hasSpawnedZelda=true
12:27:39.620 [INFO] [dev.baxlek.zelda_on_epona] cutscene diagnostics: event='NO DATA' demoArc='Demo36_00' cutName='' demoStaffId=-1 room=0 layer=0 horseDemoMode=false titleScreen=false storyHoZeldaActive=false inScriptedCutscene=false alwaysHiddenCutscene=false showInCutscenesToggle=true hideSpawnedZelda=false hasSpawnedZelda=true
12:27:39.653 [INFO] [dev.baxlek.zelda_on_epona] cutscene diagnostics: event='DEFAULT_TALK' demoArc='Demo36_00' cutName='' demoStaffId=-1 room=0 layer=0 horseDemoMode=true titleScreen=false storyHoZeldaActive=false inScriptedCutscene=true alwaysHiddenCutscene=false showInCutscenesToggle=true hideSpawnedZelda=false hasSpawnedZelda=true
12:27:43.426 [INFO] [dev.baxlek.zelda_on_epona] cutscene diagnostics: event='NO DATA' demoArc='Demo36_00' cutName='' demoStaffId=-1 room=0 layer=0 horseDemoMode=false titleScreen=false storyHoZeldaActive=false inScriptedCutscene=false alwaysHiddenCutscene=false showInCutscenesToggle=true hideSpawnedZelda=false hasSpawnedZelda=true
12:27:47.481 [INFO] [dev.baxlek.zelda_on_epona] cutscene diagnostics: event='demo36_01' demoArc='Demo36_00' cutName='' demoStaffId=-1 room=0 layer=0 horseDemoMode=true titleScreen=false storyHoZeldaActive=false inScriptedCutscene=true alwaysHiddenCutscene=false showInCutscenesToggle=true hideSpawnedZelda=false hasSpawnedZelda=true
12:28:18.454 [INFO] [dev.baxlek.zelda_on_epona] cutscene diagnostics: event='NOT RUNNING' demoArc='Demo36_00' cutName='' demoStaffId=-1 room=0 layer=0 horseDemoMode=true titleScreen=false storyHoZeldaActive=false inScriptedCutscene=true alwaysHiddenCutscene=false showInCutscenesToggle=true hideSpawnedZelda=false hasSpawnedZelda=true
12:28:18.487 [INFO] [dev.baxlek.zelda_on_epona] cutscene diagnostics: event='NO DATA' demoArc='Demo36_00' cutName='' demoStaffId=-1 room=0 layer=0 horseDemoMode=false titleScreen=false storyHoZeldaActive=false inScriptedCutscene=false alwaysHiddenCutscene=false showInCutscenesToggle=true hideSpawnedZelda=false hasSpawnedZelda=true
12:28:28.922 [INFO] [dev.baxlek.zelda_on_epona] cutscene diagnostics: event='NO DATA' demoArc='Demo36_00' cutName='' demoStaffId=-1 room=0 layer=0 horseDemoMode=true titleScreen=false storyHoZeldaActive=false inScriptedCutscene=true alwaysHiddenCutscene=false showInCutscenesToggle=true hideSpawnedZelda=false hasSpawnedZelda=true
12:28:29.654 [INFO] [dev.baxlek.zelda_on_epona] cutscene diagnostics: event='NO DATA' demoArc='Demo36_00' cutName='' demoStaffId=-1 room=0 layer=0 horseDemoMode=false titleScreen=false storyHoZeldaActive=false inScriptedCutscene=false alwaysHiddenCutscene=false showInCutscenesToggle=true hideSpawnedZelda=false hasSpawnedZelda=true
12:28:29.947 [INFO] [dev.baxlek.zelda_on_epona] cutscene diagnostics: event='demo36_02' demoArc='Demo36_00' cutName='' demoStaffId=-1 room=0 layer=0 horseDemoMode=true titleScreen=false storyHoZeldaActive=false inScriptedCutscene=true alwaysHiddenCutscene=false showInCutscenesToggle=true hideSpawnedZelda=false hasSpawnedZelda=true
12:28:37.385 [INFO] [dev.baxlek.zelda_on_epona] cutscene diagnostics: event='NOT RUNNING' demoArc='Demo36_00' cutName='' demoStaffId=-1 room=0 layer=0 horseDemoMode=true titleScreen=false storyHoZeldaActive=false inScriptedCutscene=true alwaysHiddenCutscene=false showInCutscenesToggle=true hideSpawnedZelda=false hasSpawnedZelda=true
12:28:37.418 [INFO] [dev.baxlek.zelda_on_epona] cutscene diagnostics: event='NO DATA' demoArc='Demo36_00' cutName='' demoStaffId=-1 room=0 layer=0 horseDemoMode=false titleScreen=false storyHoZeldaActive=false inScriptedCutscene=false alwaysHiddenCutscene=false showInCutscenesToggle=true hideSpawnedZelda=false hasSpawnedZelda=true
12:28:39.652 [INFO] [dev.baxlek.zelda_on_epona] cutscene diagnostics: event='MHINT_TALK' demoArc='Demo36_00' cutName='' demoStaffId=-1 room=0 layer=0 horseDemoMode=true titleScreen=false storyHoZeldaActive=false inScriptedCutscene=true alwaysHiddenCutscene=false showInCutscenesToggle=true hideSpawnedZelda=false hasSpawnedZelda=true
12:28:43.219 [INFO] [dev.baxlek.zelda_on_epona] cutscene diagnostics: event='NO DATA' demoArc='Demo36_00' cutName='' demoStaffId=-1 room=0 layer=0 horseDemoMode=false titleScreen=false storyHoZeldaActive=false inScriptedCutscene=false alwaysHiddenCutscene=false showInCutscenesToggle=true hideSpawnedZelda=false hasSpawnedZelda=true
